Restore Archived Project report for key_scan
Sat Mar 21 12:01:23 2020
Quartus Prime Version 19.1.0 Build 670 09/22/2019 SJ Lite Edition


---------------------
; Table of Contents ;
---------------------
  1. Legal Notice
  2. Restore Archived Project Summary
  3. Restore Archived Project Messages
  4. Files Restored
  5. Files Not Restored



----------------
; Legal Notice ;
----------------
Copyright (C) 2019  Intel Corporation. All rights reserved.
Your use of Intel Corporation's design tools, logic functions 
and other software and tools, and any partner logic 
functions, and any output files from any of the foregoing 
(including device programming or simulation files), and any 
associated documentation or information are expressly subject 
to the terms and conditions of the Intel Program License 
Subscription Agreement, the Intel Quartus Prime License Agreement,
the Intel FPGA IP License Agreement, or other applicable license
agreement, including, without limitation, that your use is for
the sole purpose of programming logic devices manufactured by
Intel and sold by Intel or its authorized distributors.  Please
refer to the applicable agreement for further details, at
https://fpgasoftware.intel.com/eula.



+-------------------------------------------------------------------------+
; Restore Archived Project Summary                                        ;
+---------------------------------+---------------------------------------+
; Restore Archived Project Status ; Successful - Sat Mar 21 12:01:23 2020 ;
; Revision Name                   ; key_scan                              ;
; Top-level Entity Name           ; key_scan                              ;
; Family                          ; Cyclone II                            ;
+---------------------------------+---------------------------------------+


+-----------------------------------+
; Restore Archived Project Messages ;
+-----------------------------------+
Warning (13177): Your design targets the device family "Cyclone II". The specified family is not a valid device family, is not installed, or is not supported in this version of the Quartus Prime software. If you restored a project from an archived version, your project was successfully restored, but you still must specify or install a supported device family.
Info (13198): Your project was successfully restored, but the device information in the Flow Summary report cannot be updated until the design targets a supported device family.
Info: Successfully restored 'Z:/OneDrive/+ACademia/Computer Principles and Applications/Ex2/key_scan.qar' into the 'Z:/OneDrive/+ACademia/Computer Principles and Applications/Ex2/key_scan_restored/' directory
Info: Generated report 'key_scan.restore.rpt'
Info (23030): Evaluation of Tcl script c:/intelfpga_lite/19.1/quartus/common/tcl/apps/qpm/qar.tcl was successful
Info: Quartus Prime Shell was successful. 0 errors, 2 warnings
    Info: Peak virtual memory: 4806 megabytes
    Info: Processing ended: Sat Mar 21 12:01:23 2020
    Info: Elapsed time: 00:00:02
    Info: Total CPU time (on all processors): 00:00:01


+-----------------------------------------------------+
; Files Restored                                      ;
+-----------------------------------------------------+
; File Name                                           ;
+-----------------------------------------------------+
; db/key_scan.sim.vwf                                 ;
; incremental_db/compiled_partitions/key_scan.db_info ;
; key_scan.qpf                                        ;
; key_scan.qsf                                        ;
; key_scan.v                                          ;
; key_scan.vwf                                        ;
; simulation/modelsim/key_scan.vwf.do                 ;
; assignment_defaults.qdf                             ;
+-----------------------------------------------------+


+--------------------+
; Files Not Restored ;
+--------------------+
; File Name          ;
+--------------------+


